// Vitest Snapshot v1

exports[`Pokedex > should mount 1`] = `
"<h1>Pokedex thing</h1>
<form>
  <!--    Input field and submit button --><input type=\\"text\\" placeholder=\\"Search for a Pokemon\\" /><button type=\\"submit\\">Search</button>
</form>
<!--v-if-->
<!--v-if-->"
`;
