// Vitest Snapshot v1

exports[`CounterButtons component is mounted 1`] = `"<button id=\\"decrement\\" data-v-1036bcd6=\\"\\">-</button> 0 <button id=\\"increment\\" data-v-1036bcd6=\\"\\">+</button>"`;
